# My Personal Token: 
$ export DRONE_SERVER=https://e7a7f787.ngrok.io
$ export DRONE_TOKEN=iU8Nh0eEShvEu6oGRnqyKunAOwaEwMl5
$ drone info

# Add Secret
$ drone secret add \
  --name ssh_username \
  --data yedda \
  --repository yeddahsu/node-web-demo

$ drone secret add \
  --name ssh_password \
  --data P@ssw0rd \
  --repository yeddahsu/node-web-demo


# How to fix 'sudo: no tty present and no askpass program specified' error?

For Ubuntu 16.04 users

There is a file you have to read with:

cat /etc/sudoers.d/README
Placing a file with mode 0440 in /etc/sudoers.d/myuser with following content:

myuser  ALL=(ALL) NOPASSWD: ALL
Should fix the issue.

Do not forget to:

chmod 0440 /etc/sudoers.d/myuser